mov r6, 0b11110
